\BOOKMARK [1][-]{section.1}{\376\377\004\037\004\076\004\101\004\102\004\060\004\075\004\076\004\062\004\072\004\060\000\040\004\067\004\060\004\064\004\060\004\107\004\070\000\040\004\070\000\040\004\101\004\102\004\060\004\102\004\103\004\101\000\040\004\101\004\076\004\063\004\073\004\060\004\101\004\076\004\062\004\060\004\075\004\070\004\117}{}% 1
\BOOKMARK [2][-]{subsection.1.1}{\376\377\004\042\004\065\004\074\004\060\000\040\004\070\000\040\004\106\004\065\004\073\004\114\000\040\004\100\004\060\004\061\004\076\004\102\004\113}{section.1}% 2
\BOOKMARK [2][-]{subsection.1.2}{\376\377\004\037\004\100\004\065\004\064\004\073\004\076\004\066\004\065\004\075\004\070\004\117\000\040\004\064\004\073\004\117\000\040\004\101\004\076\004\063\004\073\004\060\004\101\004\076\004\062\004\060\004\075\004\070\004\117}{section.1}% 3
\BOOKMARK [1][-]{section.2}{\376\377\004\036\004\077\004\070\004\101\004\060\004\075\004\070\004\065\000\040\004\077\004\100\004\065\004\064\004\074\004\065\004\102\004\075\004\076\004\071\000\040\004\076\004\061\004\073\004\060\004\101\004\102\004\070}{}% 4
\BOOKMARK [2][-]{subsection.2.1}{\376\377\004\043\004\107\004\060\004\101\004\102\004\075\004\070\004\072\004\070\000\040\004\070\000\040\004\077\004\100\004\076\004\106\004\065\004\101\004\101\000\040\004\076\004\061\004\101\004\073\004\103\004\066\004\070\004\062\004\060\004\075\004\070\004\117}{section.2}% 5
\BOOKMARK [2][-]{subsection.2.2}{\376\377\004\032\004\060\004\100\004\102\004\060\000,\000\040\004\101\004\077\004\070\004\101\004\076\004\072\000\040\004\070\000\040\004\104\004\070\004\073\004\114\004\102\004\100\004\060\004\106\004\070\004\117}{section.2}% 6
\BOOKMARK [2][-]{subsection.2.3}{\376\377\004\041\004\102\004\100\004\060\004\075\004\070\004\106\004\113\000\040\004\101\004\060\004\073\004\076\004\075\004\060\000\040\004\070\000\040\004\074\004\060\004\101\004\102\004\065\004\100\004\060}{section.2}% 7
\BOOKMARK [2][-]{subsection.2.4}{\376\377\004\027\004\060\004\077\004\070\004\101\004\114\000,\000\040\004\076\004\102\004\074\004\065\004\075\004\060\000\040\004\070\000\040\004\076\004\102\004\067\004\113\004\062\004\113}{section.2}% 8
\BOOKMARK [2][-]{subsection.2.5}{\376\377\004\023\004\100\004\060\004\075\004\070\004\106\004\113\000\040\004\103\004\107\004\065\004\061\004\075\004\076\004\071\000\040\004\062\004\065\004\100\004\101\004\070\004\070}{section.2}% 9
\BOOKMARK [2][-]{subsection.2.6}{\376\377\004\036\004\101\004\075\004\076\004\062\004\075\004\113\004\065\000\040\004\101\004\103\004\111\004\075\004\076\004\101\004\102\004\070\000\040\004\070\000\040\004\101\004\062\004\117\004\067\004\070}{section.2}% 10
\BOOKMARK [1][-]{section.3}{\376\377\004\035\004\060\004\067\004\075\004\060\004\107\004\065\004\075\004\070\004\065\000\040\004\070\000\040\004\076\004\066\004\070\004\064\004\060\004\065\004\074\004\113\004\065\000\040\004\100\004\065\004\067\004\103\004\073\004\114\004\102\004\060\004\102\004\113\000\040\004\060\004\062\004\102\004\076\004\074\004\060\004\102\004\070\004\067\004\060\004\106\004\070\004\070}{}% 11
\BOOKMARK [1][-]{section.4}{\376\377\004\042\004\100\004\065\004\061\004\076\004\062\004\060\004\075\004\070\004\117\000\040\004\072\000\040\004\101\004\070\004\101\004\102\004\065\004\074\004\065}{}% 12
\BOOKMARK [2][-]{subsection.4.1}{\376\377\004\044\004\103\004\075\004\072\004\106\004\070\004\076\004\075\004\060\004\073\004\114\004\075\004\113\004\065\000\040\004\102\004\100\004\065\004\061\004\076\004\062\004\060\004\075\004\070\004\117}{section.4}% 13
\BOOKMARK [2][-]{subsection.4.2}{\376\377\004\035\004\065\004\104\004\103\004\075\004\072\004\106\004\070\004\076\004\075\004\060\004\073\004\114\004\075\004\113\004\065\000\040\004\102\004\100\004\065\004\061\004\076\004\062\004\060\004\075\004\070\004\117}{section.4}% 14
\BOOKMARK [1][-]{section.5}{\376\377\004\034\004\076\004\064\004\065\004\073\004\070\000\040\004\070\000\040\004\076\004\077\004\070\004\101\004\060\004\075\004\070\004\117\000\040\004\076\004\101\004\075\004\076\004\062\004\075\004\113\004\105\000\040\004\077\004\100\004\065\004\106\004\065\004\064\004\065\004\075\004\102\004\076\004\062}{}% 15
\BOOKMARK [2][-]{subsection.5.1}{\376\377\004\020\004\072\004\102\004\076\004\100\004\113\000\040\004\070\000\040\004\063\004\100\004\060\004\075\004\070\004\106\004\060\000\040\004\101\004\070\004\101\004\102\004\065\004\074\004\113}{section.5}% 16
\BOOKMARK [2][-]{subsection.5.2}{\376\377\004\037\0001\000.\000\040\004\040\004\065\004\063\004\070\004\101\004\102\004\100\004\060\004\106\004\070\004\117\000\040\004\070\000\040\004\062\004\105\004\076\004\064}{section.5}% 17
\BOOKMARK [2][-]{subsection.5.3}{\376\377\004\037\0002\000.\000\040\004\037\004\076\004\070\004\101\004\072\000\040\004\075\004\060\000\040\004\072\004\060\004\100\004\102\004\065\000\040\004\070\000\040\004\062\000\040\004\101\004\077\004\070\004\101\004\072\004\065}{section.5}% 18
\BOOKMARK [2][-]{subsection.5.4}{\376\377\004\037\0003\000.\000\040\004\037\004\100\004\076\004\101\004\074\004\076\004\102\004\100\000\040\004\101\004\060\004\073\004\076\004\075\004\060\000\040\004\070\000\040\004\074\004\060\004\101\004\102\004\065\004\100\004\060}{section.5}% 19
\BOOKMARK [2][-]{subsection.5.5}{\376\377\004\037\0004\000.\000\040\004\022\004\113\004\061\004\076\004\100\000\040\004\062\004\100\004\065\004\074\004\065\004\075\004\070\000\040\004\070\000\040\004\101\004\076\004\067\004\064\004\060\004\075\004\070\004\065\000\040\004\067\004\060\004\077\004\070\004\101\004\070}{section.5}% 20
\BOOKMARK [2][-]{subsection.5.6}{\376\377\004\037\0005\000.\000\040\004\041\004\062\004\076\004\070\000\040\004\067\004\060\004\077\004\070\004\101\004\070\000\040\004\070\000\040\004\076\004\102\004\074\004\065\004\075\004\060}{section.5}% 21
\BOOKMARK [2][-]{subsection.5.7}{\376\377\004\037\0006\000.\000\040\004\036\004\102\004\067\004\113\004\062\004\113\000\040\004\076\000\040\004\077\004\076\004\101\004\065\004\111\004\065\004\075\004\070\004\070}{section.5}% 22
\BOOKMARK [2][-]{subsection.5.8}{\376\377\004\037\0007\000.\000\040\004\040\004\065\004\063\004\070\004\101\004\102\004\100\004\060\004\106\004\070\004\117\000\040\004\070\000\040\004\077\004\103\004\061\004\073\004\070\004\072\004\060\004\106\004\070\004\117\000\040\004\101\004\060\004\073\004\076\004\075\004\060}{section.5}% 23
\BOOKMARK [2][-]{subsection.5.9}{\376\377\004\037\0008\000.\000\040\004\043\004\077\004\100\004\060\004\062\004\073\004\065\004\075\004\070\004\065\000\040\004\101\004\062\004\076\004\070\004\074\000\040\004\101\004\060\004\073\004\076\004\075\004\076\004\074}{section.5}% 24
\BOOKMARK [2][-]{subsection.5.10}{\376\377\004\037\0009\000.\000\040\004\040\004\060\004\061\004\076\004\102\004\060\000\040\004\074\004\060\004\101\004\102\004\065\004\100\004\060}{section.5}% 25
\BOOKMARK [2][-]{subsection.5.11}{\376\377\004\037\0001\0000\000.\000\040\004\036\004\061\004\100\004\060\004\061\004\076\004\102\004\072\004\060\000\040\004\077\004\076\004\101\004\065\004\111\004\065\004\075\004\070\004\071}{section.5}% 26
\BOOKMARK [2][-]{subsection.5.12}{\376\377\004\037\0001\0001\000.\000\040\004\020\004\064\004\074\004\070\004\075\004\070\004\101\004\102\004\100\004\070\004\100\004\076\004\062\004\060\004\075\004\070\004\065\000\040\004\070\000\040\004\074\004\076\004\064\004\065\004\100\004\060\004\106\004\070\004\117}{section.5}% 27
\BOOKMARK [2][-]{subsection.5.13}{\376\377\004\037\0001\0002\000.\000\040\004\037\004\100\004\076\004\062\004\065\004\100\004\072\004\060\000\040\004\064\004\076\004\101\004\102\004\103\004\077\004\075\004\076\004\101\004\102\004\070\000\040\004\077\004\065\004\100\004\065\004\064\000\040\004\101\004\076\004\105\004\100\004\060\004\075\004\065\004\075\004\070\004\065\004\074}{section.5}% 28
\BOOKMARK [2][-]{subsection.5.14}{\376\377\004\041\004\062\004\117\004\067\004\114\000\040\004\102\004\100\004\065\004\061\004\076\004\062\004\060\004\075\004\070\004\071\000\040\004\070\000\040\004\077\004\100\004\065\004\106\004\065\004\064\004\065\004\075\004\102\004\076\004\062}{section.5}% 29
\BOOKMARK [1][-]{section.6}{\376\377\004\037\004\100\004\065\004\064\004\073\004\060\004\063\004\060\004\065\004\074\004\060\004\117\000\040\004\060\004\100\004\105\004\070\004\102\004\065\004\072\004\102\004\103\004\100\004\060}{}% 30
\BOOKMARK [2][-]{subsection.6.1}{\376\377\004\036\004\061\004\111\004\070\004\071\000\040\004\077\004\076\004\064\004\105\004\076\004\064\000\040\004\070\000\040\004\102\004\065\004\105\004\075\004\076\004\073\004\076\004\063\004\070\004\070}{section.6}% 31
\BOOKMARK [2][-]{subsection.6.2}{\376\377\004\036\004\102\004\062\004\065\004\102\004\101\004\102\004\062\004\065\004\075\004\075\004\076\004\101\004\102\004\114\000\040\004\072\004\076\004\074\004\077\004\076\004\075\004\065\004\075\004\102\004\076\004\062}{section.6}% 32
\BOOKMARK [1][-]{section.7}{\376\377\004\027\004\060\004\072\004\073\004\116\004\107\004\065\004\075\004\070\004\065}{}% 33
