[2026-09-20T19:30:41.420+0300] [] [[1;92mÐÅÏ¢[0m] [] [[1;94mPayaraMicro[0m] [tid: _ThreadID=1 _ThreadName=main] [timeMillis: 1789921841420] [levelValue: 800] Payara Micro Runtime directory is located at C:\develop\NOTE_UTP\StudyNote\5 Information Systems\Lab\Lab1\tools\payara-root

[2026-09-20T19:30:41.533+0300] [] [[1;92mÐÅÏ¢[0m] [] [[1;94mfish.payara.micro.boot.runtime.PayaraMicroRuntimeBuilder[0m] [tid: _ThreadID=1 _ThreadName=main] [timeMillis: 1789921841533] [levelValue: 800] Built Payara Micro Runtime

[2026-09-20T19:30:44.178+0300] [] [[1;92mÐÅÏ¢[0m] [] [[1;94mPayaraMicro[0m] [tid: _ThreadID=1 _ThreadName=main] [timeMillis: 1789921844178] [levelValue: 800] Overriding HTTP port value set in C:\develop\NOTE_UTP\StudyNote\5 Information Systems\Lab\Lab1\tools\payara-root\config\domain.xml with 18081

[2026-09-20T19:31:00.515+0300] [] [[1;92mÐÅÏ¢[0m] [] [[1;94mfish.payara.boot.runtime.BootCommand[0m] [tid: _ThreadID=1 _ThreadName=main] [timeMillis: 1789921860515] [levelValue: 800] Boot Command set returned with result SUCCESS : PlainTextActionReporterSUCCESSDescription: set AdminCommandnull
    configs.config.server-config.network-config.network-listeners.network-listener.http-listener.port=18081


[2026-09-20T19:31:00.793+0300] [] [[1;92mÐÅÏ¢[0m] [] [[1;94mfish.payara.boot.runtime.BootCommand[0m] [tid: _ThreadID=1 _ThreadName=main] [timeMillis: 1789921860793] [levelValue: 800] Boot Command set returned with result SUCCESS : PlainTextActionReporterSUCCESSDescription: set AdminCommandnull
    configs.config.server-config.hazelcast-config-specific-configuration.clustering-enabled=false


[2026-09-20T19:31:05.016+0300] [] [[1;92mÐÅÏ¢[0m] [] [[1;94morg.glassfish.ha.store.spi.BackingStoreFactoryRegistry[0m] [tid: _ThreadID=98 _ThreadName=RunLevelControllerThread-1789921860870] [timeMillis: 1789921865016] [levelValue: 800] Registered fish.payara.ha.hazelcast.store.HazelcastBackingStoreFactoryProxy for persistence-type = hazelcast in BackingStoreFactoryRegistry

[2026-09-20T19:31:14.423+0300] [] [[1;92mÐÅÏ¢[0m] [] [[1;94mfish.payara.nucleus.hazelcast.HazelcastCore[0m] [tid: _ThreadID=96 _ThreadName=RunLevelControllerThread-1789921860844] [timeMillis: 1789921874423] [levelValue: 800] Hazelcast Instance Bound to JNDI at payara/Hazelcast

[2026-09-20T19:31:14.438+0300] [] [[1;92mÐÅÏ¢[0m] [] [[1;94mfish.payara.nucleus.hazelcast.HazelcastCore[0m] [tid: _ThreadID=96 _ThreadName=RunLevelControllerThread-1789921860844] [timeMillis: 1789921874438] [levelValue: 800] JSR107 Caching Provider Bound to JNDI at payara/CachingProvider

[2026-09-20T19:31:14.440+0300] [] [[1;92mÐÅÏ¢[0m] [] [[1;94mfish.payara.nucleus.hazelcast.HazelcastCore[0m] [tid: _ThreadID=96 _ThreadName=RunLevelControllerThread-1789921860844] [timeMillis: 1789921874440] [levelValue: 800] JSR107 Default Cache Manager Bound to JNDI at payara/CacheManager

[2026-09-20T19:31:15.559+0300] [] [[1;92mÐÅÏ¢[0m] [NCLS-CORE-00101] [[1;94mjavax.enterprise.system.core[0m] [tid: _ThreadID=96 _ThreadName=RunLevelControllerThread-1789921860844] [timeMillis: 1789921875559] [levelValue: 800] Network Listener http-listener started in: 105ms - bound to [/0.0.0.0:18081]

[2026-09-20T19:31:15.570+0300] [] [[1;92mÐÅÏ¢[0m] [NCLS-CORE-00058] [[1;94mjavax.enterprise.system.core[0m] [tid: _ThreadID=96 _ThreadName=RunLevelControllerThread-1789921860844] [timeMillis: 1789921875570] [levelValue: 800] Network listener https-listener on port 8443 disabled per domain.xml

[2026-09-20T19:31:15.581+0300] [] [[1;92mÐÅÏ¢[0m] [NCLS-CORE-00087] [[1;94mjavax.enterprise.system.core[0m] [tid: _ThreadID=96 _ThreadName=RunLevelControllerThread-1789921860844] [timeMillis: 1789921875581] [levelValue: 800] Grizzly 4.0.0 started in: 11,502ms - bound to [http-listener:18081]

[2026-09-20T19:31:15.782+0300] [] [[1;92mÐÅÏ¢[0m] [] [[1;94mio.opentelemetry.api.GlobalOpenTelemetry[0m] [tid: _ThreadID=95 _ThreadName=RunLevelControllerThread-1789921860822] [timeMillis: 1789921875782] [levelValue: 800] AutoConfiguredOpenTelemetrySdk found on classpath but automatic configuration is disabled. To enable, run your JVM with -Dotel.java.global-autoconfigure.enabled=true

[2026-09-20T19:31:15.944+0300] [] [[1;92mÐÅÏ¢[0m] [] [[1;94mfish.payara.nucleus.cluster.PayaraCluster[0m] [tid: _ThreadID=200 _ThreadName=Executor-Service-3] [timeMillis: 1789921875944] [levelValue: 800] [[
  Data Grid Status 
Payara Data Grid State: DG Version: 5 DG Name: development DG Size: 1
Instances: {
 DataGrid: development Name: Horrible-Flatfish Lite: false This: true UUID: 83384e88-7e39-4e7d-bbb6-c9dd95166a0e Address: /192.168.120.1:6900
}]]

[2026-09-20T19:31:15.948+0300] [] [[1;92mÐÅÏ¢[0m] [NCLS-CORE-00017] [[1;94mjavax.enterprise.system.core[0m] [tid: _ThreadID=1 _ThreadName=main] [timeMillis: 1789921875948] [levelValue: 800] Payara Micro 6.2025.1 #badassmicrofish (28) startup time : Embedded (19,261ms), startup services(15,146ms), total(34,407ms)

[2026-09-20T19:31:16.450+0300] [] [[1;92mÐÅÏ¢[0m] [NCLS-JMX-00006] [[1;94mjavax.enterprise.system.jmx[0m] [tid: _ThreadID=213 _ThreadName=Thread-7] [timeMillis: 1789921876450] [levelValue: 800] JMXStartupService has disabled JMXConnector system

[2026-09-20T19:31:26.960+0300] [] [[1;92mÐÅÏ¢[0m] [] [[1;94mjavax.enterprise.system.core[0m] [tid: _ThreadID=1 _ThreadName=main] [timeMillis: 1789921886960] [levelValue: 800] No deployment transformer implementation found.

[2026-09-20T19:31:28.310+0300] [] [[1;93m¾¯¸æ[0m] [NCLS-SECURITY-05054] [[1;94mjavax.enterprise.system.security.ssl[0m] [tid: _ThreadID=1 _ThreadName=main] [timeMillis: 1789921888310] [levelValue: 900] [[
  The SSL certificate with alias baltimorecodesigningca has expired: [
[
  Version: V3
  Subject: CN=Baltimore CyberTrust Code Signing Root, OU=CyberTrust, O=Baltimore, C=IE
  Signature Algorithm: SHA1withRSA, OID = 1.2.840.113549.1.1.5

  Key:  Sun RSA public key, 2048 bits
  params: null
  modulus: 25303680192668640771588317139003263891033815944721015465395269092384705240935316941838442381318806010070626362319395690314791313398138936591948695530545680427400509758324933089823696610566743637339935203695013186947157183941988417011248366865479094246311348287906754288731048802378536028776275677190628623060960560765769168615982071922756472282835656320245320962403020896702650905611966212573124822842455100295487468363503270984024841945110064223684830737458073325215630484860211321235448938321322097099674375468321540270490386797226404084654487136142666695848215824414852632537689282042133811638922367737001775655789
  public exponent: 65537
  Validity: [From: Wed May 17 18:01:00 MSD 2000,
               To: Sun May 18 02:59:00 MSK 2025]
  Issuer: CN=Baltimore CyberTrust Code Signing Root, OU=CyberTrust, O=Baltimore, C=IE
  SerialNumber: 02:00:00:bf

Certificate Extensions: 4
[1]: ObjectId: 2.5.29.19 Criticality=true
BasicConstraints:[
  CA:true
  PathLen:3
]

[2]: ObjectId: 2.5.29.37 Criticality=false
ExtendedKeyUsages [
  codeSigning
]

[3]: ObjectId: 2.5.29.15 Criticality=true
KeyUsage [
  Key_CertSign
  Crl_Sign
]

[4]: ObjectId: 2.5.29.14 Criticality=false
SubjectKeyIdentifier [
KeyIdentifier [
0000: C8 41 34 5C 15 15 04 E5   40 F2 D1 AB 9A 6F 24 92  .A4\....@....o$.
0010: 7A 87 42 5A                                        z.BZ
]
]

]
  Algorithm: [SHA1withRSA]
  Signature:
0000: 52 74 AA 95 4B 22 8C C7   3D 96 A4 FE 5D FA 2F B5  Rt..K"..=...]./.
0010: BC EB F0 0B E9 56 38 1D   D1 6D 0D A1 BC 68 8B F0  .....V8..m...h..
0020: C5 80 A5 24 34 FD F2 96   18 11 86 A1 36 F5 37 E7  ...$4.......6.7.
0030: 54 40 D5 64 1F C3 5F 70   42 6B 2D 39 C7 9E 52 05  T@.d.._pBk-9..R.
0040: CE E7 6A 72 D2 8D 72 3F   47 50 83 AB C7 8D 25 C9  ..jr..r?GP....%.
0050: B0 E3 A7 53 16 95 A6 6A   53 EA 18 9D 8F 78 A9 77  ...S...jS....x.w
0060: 77 1A F9 B4 97 47 59 88   27 28 B5 CA E1 2E D7 3E  w....GY.'(.....>
0070: 0E A2 0D B8 22 44 03 E3   D1 63 B0 41 3A A1 F5 A4  ...."D...c.A:...
0080: 2D F7 76 1E 04 54 99 78   32 40 D7 2B 7C 4D BA A6  -.v..T.x2@.+.M..
0090: 9C B0 79 6E 07 BE 8C EC   EE D7 38 69 5B C1 0C 56  ..yn......8i[..V
00A0: 68 9F FE EB D1 E1 C8 88   F9 F2 CD 7F BE 85 B4 44  h..............D
00B0: 67 00 50 3E F4 26 03 64   EA 77 7D E8 5E 3E 1C 37  g.P>.&.d.w..^>.7
00C0: 47 C8 D6 EA A4 F3 36 3C   97 C2 39 72 05 94 19 25  G.....6<..9r...%
00D0: C3 D7 37 41 0F C1 1F 87   8A FD AA BE E9 B1 64 57  ..7A..........dW
00E0: E4 DB 92 A1 CF E1 49 E8   3B 1F 91 13 5A C3 8F D9  ......I.;...Z...
00F0: 25 58 49 80 47 0F C6 03   AE AC E3 BF B7 C0 AA 2A  %XI.G..........*

]]]

[2026-09-20T19:31:28.363+0300] [] [[1;93m¾¯¸æ[0m] [NCLS-SECURITY-05054] [[1;94mjavax.enterprise.system.security.ssl[0m] [tid: _ThreadID=1 _ThreadName=main] [timeMillis: 1789921888363] [levelValue: 900] [[
  The SSL certificate with alias cert_5_baltimore_cybertrust_root5 has expired: [
[
  Version: V3
  Subject: CN=Baltimore CyberTrust Root, OU=CyberTrust, O=Baltimore, C=IE
  Signature Algorithm: SHA1withRSA, OID = 1.2.840.113549.1.1.5

  Key:  Sun RSA public key, 2048 bits
  params: null
  modulus: 20579176651421167987106471718888186309534186253587759121109122482694167416584428920295678216035822449451639581023765122994089008826314029843654807108803739729565431642116323937940944378450034252354609020536286175863324156219063038927409933070688727356676027216359532593504366119272034244698731524943132462329205729047681997715455240148827523651706429854757422624117805863121520494307655271426986078917217383478420381375139154341613794371303682232583316393601620034638044186782252195438345309455714637508276892061355357785328168602107026282695945834955006612147350315937204256563720794300123948598669913435346712336953
  public exponent: 65537
  Validity: [From: Fri May 12 22:46:00 MSD 2000,
               To: Tue May 13 02:59:00 MSK 2025]
  Issuer: CN=Baltimore CyberTrust Root, OU=CyberTrust, O=Baltimore, C=IE
  SerialNumber: 02:00:00:b9

Certificate Extensions: 3
[1]: ObjectId: 2.5.29.19 Criticality=true
BasicConstraints:[
  CA:true
  PathLen:3
]

[2]: ObjectId: 2.5.29.15 Criticality=true
KeyUsage [
  Key_CertSign
  Crl_Sign
]

[3]: ObjectId: 2.5.29.14 Criticality=false
SubjectKeyIdentifier [
KeyIdentifier [
0000: E5 9D 59 30 82 47 58 CC   AC FA 08 54 36 86 7B 3A  ..Y0.GX....T6..:
0010: B5 04 4D F0                                        ..M.
]
]

]
  Algorithm: [SHA1withRSA]
  Signature:
0000: 85 0C 5D 8E E4 6F 51 68   42 05 A0 DD BB 4F 27 25  ..]..oQhB....O'%
0010: 84 03 BD F7 64 FD 2D D7   30 E3 A4 10 17 EB DA 29  ....d.-.0......)
0020: 29 B6 79 3F 76 F6 19 13   23 B8 10 0A F9 58 A4 D4  ).y?v...#....X..
0030: 61 70 BD 04 61 6A 12 8A   17 D5 0A BD C5 BC 30 7C  ap..aj........0.
0040: D6 E9 0C 25 8D 86 40 4F   EC CC A3 7E 38 C6 37 11  ...%..@O....8.7.
0050: 4F ED DD 68 31 8E 4C D2   B3 01 74 EE BE 75 5E 07  O..h1.L...t..u^.
0060: 48 1A 7F 70 FF 16 5C 84   C0 79 85 B8 05 FD 7F BE  H..p..\..y......
0070: 65 11 A3 0F C0 02 B4 F8   52 37 39 04 D5 A9 31 7A  e.......R79...1z
0080: 18 BF A0 2A F4 12 99 F7   A3 45 82 E3 3C 5E F5 9D  ...*.....E..<^..
0090: 9E B5 C8 9E 7C 2E C8 A4   9E 4E 08 14 4B 6D FD 70  .........N..Km.p
00A0: 6D 6B 1A 63 BD 64 E6 1F   B7 CE F0 F2 9F 2E BB 1B  mk.c.d..........
00B0: B7 F2 50 88 73 92 C2 E2   E3 16 8D 9A 32 02 AB 8E  ..P.s.......2...
00C0: 18 DD E9 10 11 EE 7E 35   AB 90 AF 3E 30 94 7A D0  .......5...>0.z.
00D0: 33 3D A7 65 0F F5 FC 8E   9E 62 CF 47 44 2C 01 5D  3=.e.....b.GD,.]
00E0: BB 1D B5 32 D2 47 D2 38   2E D0 FE 81 DC 32 6A 1E  ...2.G.8.....2j.
00F0: B5 EE 3C D5 FC E7 81 1D   19 C3 24 42 EA 63 39 A9  ..<.......$B.c9.

]]]

[2026-09-20T19:31:28.377+0300] [] [[1;93m¾¯¸æ[0m] [NCLS-SECURITY-05054] [[1;94mjavax.enterprise.system.security.ssl[0m] [tid: _ThreadID=1 _ThreadName=main] [timeMillis: 1789921888377] [levelValue: 900] [[
  The SSL certificate with alias trustcenterclass4caii has expired: [
[
  Version: V3
  Subject: CN=TC TrustCenter Class 4 CA II, OU=TC TrustCenter Class 4 CA, O=TC TrustCenter GmbH, C=DE
  Signature Algorithm: SHA1withRSA, OID = 1.2.840.113549.1.1.5

  Key:  Sun RSA public key, 2048 bits
  params: null
  modulus: 22950370039933500676994989118201491097790297411405309828721982368556708684580161622224637768016414419477529963599377981340438776506795541254817783798418326710720463181372714973230604579556287945811624245763246009196772610082450014107132476643300083788431376735201512678784489143877422604292527202843784897126841333903443753475529671859748593013021081594403126471577726782843434999907620367670453791981120870116149692427694170838256569306309135837987885326993193841760664803070946552707041820505651909863032902035729834001457174684055280619989407009638893348920517767609881939396168532536281725241047007763152761708687
  public exponent: 65537
  Validity: [From: Thu Mar 23 17:10:23 MSK 2006,
               To: Thu Jan 01 01:59:59 MSK 2026]
  Issuer: CN=TC TrustCenter Class 4 CA II, OU=TC TrustCenter Class 4 CA, O=TC TrustCenter GmbH, C=DE
  SerialNumber: 05:c0:00:01:00:02:41:d0:06:0a:4d:ce:75:10

Certificate Extensions: 3
[1]: ObjectId: 2.5.29.19 Criticality=true
BasicConstraints:[
  CA:true
  PathLen: no limit
]

[2]: ObjectId: 2.5.29.15 Criticality=true
KeyUsage [
  DigitalSignature
  Key_CertSign
  Crl_Sign
]

[3]: ObjectId: 2.5.29.14 Criticality=false
SubjectKeyIdentifier [
KeyIdentifier [
0000: 1F EA BB 3E 25 1B 06 BD   A5 DD 62 05 7E C6 4C 5A  ...>%.....b...LZ
0010: BF E8 0F 43                                        ...C
]
]

]
  Algorithm: [SHA1withRSA]
  Signature:
0000: 58 A4 2B 9B 4C F7 E4 A4   92 A4 9C 65 98 19 62 22  X.+.L......e..b"
0010: FC 72 32 E9 04 5D C4 C4   70 2D 5A 46 DE 4C 47 8A  .r2..]..p-ZF.LG.
0020: 25 B9 A2 DD EE EA 12 AF   48 8D EF 2B 67 DB 3B CC  %.......H..+g.;.
0030: 34 98 2A F7 08 47 FF 22   AF 7B F1 F4 EB E2 38 02  4.*..G."......8.
0040: 33 18 75 28 1B 9E 76 65   AC 88 03 72 F2 38 47 1D  3.u(..ve...r.8G.
0050: 8C F5 9F 0A 88 53 10 14   BB 80 E5 0C B3 5D 8D 17  .....S.......]..
0060: EE 1E 19 1C 86 8D 14 67   78 8C 92 CB 1E 21 49 F7  .......gx....!I.
0070: 7F D3 18 BF 9C 79 F8 5D   08 79 B5 AA 6A 4D 92 36  .....y.].y..jM.6
0080: 6C BC 79 EB 0E 3D 79 8A   D8 F6 A3 56 70 5D DE DB  l.y..=y....Vp]..
0090: 4F 79 D2 7A D2 95 5C 86   27 65 BE A0 D3 07 81 40  Oy.z..\.'e.....@
00A0: 55 DD 10 CB E0 4B 88 82   C0 90 7D 38 E7 BF 96 E1  U....K.....8....
00B0: 97 BA 9A AB 42 0F D3 9F   D8 9E 15 33 11 CB F7 82  ....B......3....
00C0: 79 F5 B5 C0 41 56 92 E1   DF 55 03 AD 48 CF D3 F2  y...AV...U..H...
00D0: 2E B1 C7 2D 56 4C 64 74   2A 31 CE DC 75 A9 54 47  ...-VLdt*1..u.TG
00E0: A4 A7 42 72 09 E7 E1 02   A6 47 B2 04 CD 42 13 E1  ..Br.....G...B..
00F0: 61 0C E0 78 3A 22 20 A2   1C 60 42 86 87 F7 A5 E6  a..x:" ..`B.....

]]]

[2026-09-20T19:31:28.392+0300] [] [[1;93m¾¯¸æ[0m] [NCLS-SECURITY-05054] [[1;94mjavax.enterprise.system.security.ssl[0m] [tid: _ThreadID=1 _ThreadName=main] [timeMillis: 1789921888392] [levelValue: 900] [[
  The SSL certificate with alias baltimorecybertrustca has expired: [
[
  Version: V3
  Subject: CN=Baltimore CyberTrust Root, OU=CyberTrust, O=Baltimore, C=IE
  Signature Algorithm: SHA1withRSA, OID = 1.2.840.113549.1.1.5

  Key:  Sun RSA public key, 2048 bits
  params: null
  modulus: 20579176651421167987106471718888186309534186253587759121109122482694167416584428920295678216035822449451639581023765122994089008826314029843654807108803739729565431642116323937940944378450034252354609020536286175863324156219063038927409933070688727356676027216359532593504366119272034244698731524943132462329205729047681997715455240148827523651706429854757422624117805863121520494307655271426986078917217383478420381375139154341613794371303682232583316393601620034638044186782252195438345309455714637508276892061355357785328168602107026282695945834955006612147350315937204256563720794300123948598669913435346712336953
  public exponent: 65537
  Validity: [From: Fri May 12 22:46:00 MSD 2000,
               To: Tue May 13 02:59:00 MSK 2025]
  Issuer: CN=Baltimore CyberTrust Root, OU=CyberTrust, O=Baltimore, C=IE
  SerialNumber: 02:00:00:b9

Certificate Extensions: 3
[1]: ObjectId: 2.5.29.19 Criticality=true
BasicConstraints:[
  CA:true
  PathLen:3
]

[2]: ObjectId: 2.5.29.15 Criticality=true
KeyUsage [
  Key_CertSign
  Crl_Sign
]

[3]: ObjectId: 2.5.29.14 Criticality=false
SubjectKeyIdentifier [
KeyIdentifier [
0000: E5 9D 59 30 82 47 58 CC   AC FA 08 54 36 86 7B 3A  ..Y0.GX....T6..:
0010: B5 04 4D F0                                        ..M.
]
]

]
  Algorithm: [SHA1withRSA]
  Signature:
0000: 85 0C 5D 8E E4 6F 51 68   42 05 A0 DD BB 4F 27 25  ..]..oQhB....O'%
0010: 84 03 BD F7 64 FD 2D D7   30 E3 A4 10 17 EB DA 29  ....d.-.0......)
0020: 29 B6 79 3F 76 F6 19 13   23 B8 10 0A F9 58 A4 D4  ).y?v...#....X..
0030: 61 70 BD 04 61 6A 12 8A   17 D5 0A BD C5 BC 30 7C  ap..aj........0.
0040: D6 E9 0C 25 8D 86 40 4F   EC CC A3 7E 38 C6 37 11  ...%..@O....8.7.
0050: 4F ED DD 68 31 8E 4C D2   B3 01 74 EE BE 75 5E 07  O..h1.L...t..u^.
0060: 48 1A 7F 70 FF 16 5C 84   C0 79 85 B8 05 FD 7F BE  H..p..\..y......
0070: 65 11 A3 0F C0 02 B4 F8   52 37 39 04 D5 A9 31 7A  e.......R79...1z
0080: 18 BF A0 2A F4 12 99 F7   A3 45 82 E3 3C 5E F5 9D  ...*.....E..<^..
0090: 9E B5 C8 9E 7C 2E C8 A4   9E 4E 08 14 4B 6D FD 70  .........N..Km.p
00A0: 6D 6B 1A 63 BD 64 E6 1F   B7 CE F0 F2 9F 2E BB 1B  mk.c.d..........
00B0: B7 F2 50 88 73 92 C2 E2   E3 16 8D 9A 32 02 AB 8E  ..P.s.......2...
00C0: 18 DD E9 10 11 EE 7E 35   AB 90 AF 3E 30 94 7A D0  .......5...>0.z.
00D0: 33 3D A7 65 0F F5 FC 8E   9E 62 CF 47 44 2C 01 5D  3=.e.....b.GD,.]
00E0: BB 1D B5 32 D2 47 D2 38   2E D0 FE 81 DC 32 6A 1E  ...2.G.8.....2j.
00F0: B5 EE 3C D5 FC E7 81 1D   19 C3 24 42 EA 63 39 A9  ..<.......$B.c9.

]]]

[2026-09-20T19:31:28.397+0300] [] [[1;93m¾¯¸æ[0m] [NCLS-SECURITY-05054] [[1;94mjavax.enterprise.system.security.ssl[0m] [tid: _ThreadID=1 _ThreadName=main] [timeMillis: 1789921888397] [levelValue: 900] [[
  The SSL certificate with alias trustcenteruniversalcai has expired: [
[
  Version: V3
  Subject: CN=TC TrustCenter Universal CA I, OU=TC TrustCenter Universal CA, O=TC TrustCenter GmbH, C=DE
  Signature Algorithm: SHA1withRSA, OID = 1.2.840.113549.1.1.5

  Key:  Sun RSA public key, 2048 bits
  params: null
  modulus: 20761831650713250220992367249279448677953452319887827967801560492350357437879560092660873027410905123273317295238275517715638988998303289502013788828467105675146106868970454484005338000243412291422678223111300354865514453056496621169704822477649481709218843857648517883397369463578915797602451292416616256424065036088646003260839217580851539266093044157104785329597787721168767142092683919194526577567587576892019252595663037822470550268965647974257577851145049533204916518651483949191533807189553058992939101623913789153867057893930297901020176760841009269510868046371556731297987469275760729594925323261146753610979
  public exponent: 65537
  Validity: [From: Wed Mar 22 18:54:28 MSK 2006,
               To: Thu Jan 01 01:59:59 MSK 2026]
  Issuer: CN=TC TrustCenter Universal CA I, OU=TC TrustCenter Universal CA, O=TC TrustCenter GmbH, C=DE
  SerialNumber: 1d:a2:00:01:00:02:ec:b7:60:80:78:8d:b6:06

Certificate Extensions: 4
[1]: ObjectId: 2.5.29.35 Criticality=false
AuthorityKeyIdentifier [
KeyIdentifier [
0000: 92 A4 75 2C A4 9E BE 81   44 EB 79 FC 8A C5 95 A5  ..u,....D.y.....
0010: EB 10 75 73                                        ..us
]
]

[2]: ObjectId: 2.5.29.19 Criticality=true
BasicConstraints:[
  CA:true
  PathLen: no limit
]

[3]: ObjectId: 2.5.29.15 Criticality=true
KeyUsage [
  DigitalSignature
  Key_CertSign
  Crl_Sign
]

[4]: ObjectId: 2.5.29.14 Criticality=false
SubjectKeyIdentifier [
KeyIdentifier [
0000: 92 A4 75 2C A4 9E BE 81   44 EB 79 FC 8A C5 95 A5  ..u,....D.y.....
0010: EB 10 75 73                                        ..us
]
]

]
  Algorithm: [SHA1withRSA]
  Signature:
0000: 28 D2 E0 86 D5 E6 F8 7B   F0 97 DC 22 6B 3B 95 14  (.........."k;..
0010: 56 0F 11 30 A5 9A 4F 3A   B0 3A E0 06 CB 65 F5 ED  V..0..O:.:...e..
0020: C6 97 27 FE 25 F2 57 E6   5E 95 8C 3E 64 60 15 5A  ..'.%.W.^..>d`.Z
0030: 7F 2F 0D 01 C5 B1 60 FD   45 35 CF F0 B2 BF 06 D9  ./....`.E5......
0040: EF 5A BE B3 62 21 B4 D7   AB 35 7C 53 3E A6 27 F1  .Z..b!...5.S>.'.
0050: A1 2D DA 1A 23 9D CC DD   EC 3C 2D 9E 27 34 5D 0F  .-..#....<-.'4].
0060: C2 36 79 BC C9 4A 62 2D   ED 6B D9 7D 41 43 7C B6  .6y..Jb-.k..AC..
0070: AA CA ED 61 B1 37 82 15   09 1A 8A 16 30 D8 EC C9  ...a.7......0...
0080: D6 47 72 78 4B 10 46 14   8E 5F 0E AF EC C7 2F AB  .GrxK.F.._..../.
0090: 10 D7 B6 F1 6E EC 86 B2   C2 E8 0D 92 73 DC A2 F4  ....n.......s...
00A0: 0F 3A BF 61 23 10 89 9C   48 40 6E 70 00 B3 D3 BA  .:.a#...H@np....
00B0: 37 44 58 11 7A 02 6A 88   F0 37 34 F0 19 E9 AC D4  7DX.z.j..74.....
00C0: 65 73 F6 69 8C 64 94 3A   79 85 29 B0 16 2B 0C 82  es.i.d.:y.)..+..
00D0: 3F 06 9C C7 FD 10 2B 9E   0F 2C B6 9E E3 15 BF D9  ?.....+..,......
00E0: 36 1C BA 25 1A 52 3D 1A   EC 22 0C 1C E0 A4 A2 3D  6..%.R=..".....=
00F0: F0 E8 39 CF 81 C0 7B ED   5D 1F 6F C5 D0 0B D7 98  ..9.....].o.....

]]]

[2026-09-20T19:31:28.403+0300] [] [[1;93m¾¯¸æ[0m] [NCLS-SECURITY-05054] [[1;94mjavax.enterprise.system.security.ssl[0m] [tid: _ThreadID=1 _ThreadName=main] [timeMillis: 1789921888403] [levelValue: 900] [[
  The SSL certificate with alias trustcenterclass2caii has expired: [
[
  Version: V3
  Subject: CN=TC TrustCenter Class 2 CA II, OU=TC TrustCenter Class 2 CA, O=TC TrustCenter GmbH, C=DE
  Signature Algorithm: SHA1withRSA, OID = 1.2.840.113549.1.1.5

  Key:  Sun RSA public key, 2048 bits
  params: null
  modulus: 21650130515055782963454959811093059003574116295384049443863128973799375760595392693556645895243358980916324166779830972897832456900760147377961870126555163592184251111367927296196206162029383026347106483660070105243464885850554765437389387877313184965343725413730626349242415403208154207296728438680202735183259910301677751638550743133603500527758016486299416551240579531222047111823307832021880777989762839281904578466890762463365278153065924714004395550188208487922490482570312641622280698284013993515706636389929266076965076845823494796193470255067395567049642086237439025996639796001118867820566529106380053972213
  public exponent: 65537
  Validity: [From: Thu Jan 12 17:38:43 MSK 2006,
               To: Thu Jan 01 01:59:59 MSK 2026]
  Issuer: CN=TC TrustCenter Class 2 CA II, OU=TC TrustCenter Class 2 CA, O=TC TrustCenter GmbH, C=DE
  SerialNumber: 2e:6a:00:01:00:02:1f:d7:52:21:2c:11:5c:3b

Certificate Extensions: 4
[1]: ObjectId: 2.5.29.19 Criticality=true
BasicConstraints:[
  CA:true
  PathLen: no limit
]

[2]: ObjectId: 2.5.29.31 Criticality=false
CRLDistributionPoints [
  [DistributionPoint:
     [URIName: http://www.trustcenter.de/crl/v2/tc_class_2_ca_II.crl, URIName: ldap://www.trustcenter.de/CN=TC%20TrustCenter%20Class%202%20CA%20II,O=TC%20TrustCenter%20GmbH,OU=rootcerts,DC=trustcenter,DC=de?certificateRevocationList?base?]
]]

[3]: ObjectId: 2.5.29.15 Criticality=true
KeyUsage [
  Key_CertSign
  Crl_Sign
]

[4]: ObjectId: 2.5.29.14 Criticality=false
SubjectKeyIdentifier [
KeyIdentifier [
0000: E3 AB 54 4C 80 A1 DB 56   43 B7 91 4A CB F3 82 7A  ..TL...VC..J...z
0010: 13 5C 08 AB                                        .\..
]
]

]
  Algorithm: [SHA1withRSA]
  Signature:
0000: 8C D7 DF 7E EE 1B 80 10   B3 83 F5 DB 11 EA 6B 4B  ..............kK
0010: A8 92 18 D9 F7 07 39 F5   2C BE 06 75 7A 68 53 15  ......9.,..uzhS.
0020: 1C EA 4A ED 5E FC 23 B2   13 A0 D3 09 FF F6 F6 2E  ..J.^.#.........
0030: 6B 41 71 79 CD E2 6D FD   AE 59 6B 85 1D B8 4E 22  kAqy..m..Yk...N"
0040: 9A ED 66 39 6E 4B 94 E6   55 FC 0B 1B 8B 77 C1 53  ..f9nK..U....w.S
0050: 13 66 89 D9 28 D6 8B F3   45 4A 63 B7 FD 7B 0B 61  .f..(...EJc....a
0060: 5D B8 6D BE C3 DC 5B 79   D2 ED 86 E5 A2 4D BE 5E  ].m...[y.....M.^
0070: 74 7C 6A ED 16 38 1F 7F   58 81 5A 1A EB 32 88 2D  t.j..8..X.Z..2.-
0080: B2 F3 39 77 80 AF 5E B6   61 75 29 DB 23 4D 88 CA  ..9w..^.au).#M..
0090: 50 28 CB 85 D2 D3 10 A2   59 6E D3 93 54 00 7A A2  P(......Yn..T.z.
00A0: 46 95 86 05 9C A9 19 98   E5 31 72 0C 00 E2 67 D9  F........1r...g.
00B0: 40 E0 24 33 7B 6F 2C B9   5C AB 65 9D 2C AC 76 EA  @.$3.o,.\.e.,.v.
00C0: 35 99 F5 97 B9 0F 24 EC   C7 76 21 28 65 AE 57 E8  5.....$..v!(e.W.
00D0: 07 88 75 4A 56 A0 D2 05   3A A4 E6 8D 92 88 2C F3  ..uJV...:.....,.
00E0: F2 E1 C1 C6 61 DB 41 C5   C7 9B F7 0E 1A 51 45 C2  ....a.A......QE.
00F0: 61 6B DC 64 27 17 8C 5A   B7 DA 74 28 CD 97 E4 BD  ak.d'..Z..t(....

]]]

[2026-09-20T19:31:28.493+0300] [] [[1;92mÐÅÏ¢[0m] [NCLS-SECURITY-01002] [[1;94mjavax.enterprise.system.core.security[0m] [tid: _ThreadID=1 _ThreadName=main] [timeMillis: 1789921888493] [levelValue: 800] Java security manager is disabled.

[2026-09-20T19:31:28.497+0300] [] [[1;92mÐÅÏ¢[0m] [NCLS-SECURITY-01010] [[1;94mjavax.enterprise.system.core.security[0m] [tid: _ThreadID=1 _ThreadName=main] [timeMillis: 1789921888497] [levelValue: 800] Entering Security Startup Service.

[2026-09-20T19:31:28.501+0300] [] [[1;92mÐÅÏ¢[0m] [NCLS-SECURITY-01143] [[1;94mjavax.enterprise.system.core.security[0m] [tid: _ThreadID=1 _ThreadName=main] [timeMillis: 1789921888501] [levelValue: 800] Loading policy provider fish.payara.security.jacc.provider.PolicyProviderImpl.

[2026-09-20T19:31:28.689+0300] [] [[1;92mÐÅÏ¢[0m] [NCLS-SECURITY-01011] [[1;94mjavax.enterprise.system.core.security[0m] [tid: _ThreadID=1 _ThreadName=main] [timeMillis: 1789921888689] [levelValue: 800] Security Service(s) started successfully.

[2026-09-20T19:31:30.440+0300] [] [[1;92mÐÅÏ¢[0m] [AS-WEB-GLUE-00198] [[1;94mjakarta.enterprise.web[0m] [tid: _ThreadID=1 _ThreadName=main] [timeMillis: 1789921890440] [levelValue: 800] Created HTTP listener http-listener on host/port 0.0.0.0:18081

[2026-09-20T19:31:30.567+0300] [] [[1;92mÐÅÏ¢[0m] [AS-WEB-GLUE-00200] [[1;94mjakarta.enterprise.web[0m] [tid: _ThreadID=1 _ThreadName=main] [timeMillis: 1789921890567] [levelValue: 800] Created virtual server server

[2026-09-20T19:31:32.386+0300] [] [[1;92mÐÅÏ¢[0m] [AS-WEB-GLUE-00201] [[1;94mjakarta.enterprise.web[0m] [tid: _ThreadID=1 _ThreadName=main] [timeMillis: 1789921892386] [levelValue: 800] Virtual server server loaded default web module 

[2026-09-20T19:31:40.782+0300] [] [[1;93m¾¯¸æ[0m] [] [[1;94mjakarta.enterprise.web.util[0m] [tid: _ThreadID=1 _ThreadName=main] [timeMillis: 1789921900782] [levelValue: 900] The web application [unknown] registered the JDBC driver [org.postgresql.Driver] but failed to unregister it when the web application was stopped. To prevent a memory leak, the JDBC Driver has been forcibly unregistered.

[2026-09-20T19:31:41.019+0300] [] [[1;92mINFO[0m] [] [[1;94morg.jboss.weld.Version[0m] [tid: _ThreadID=1 _ThreadName=main] [timeMillis: 1789921901019] [levelValue: 800] WELD-000900: 5.0.1 (p1)

[2026-09-20T19:31:52.347+0300] [] [[1;92mÐÅÏ¢[0m] [] [[1;94mfish.payara.micro.cdi.extension.ClusteredCDIEventBusImpl[0m] [tid: _ThreadID=1 _ThreadName=main] [timeMillis: 1789921912347] [levelValue: 800] Clustered CDI Event bus initialized

[2026-09-20T19:31:54.349+0300] [] [[1;92mÐÅÏ¢[0m] [] [[1;94mjavax.enterprise.system.core[0m] [tid: _ThreadID=1 _ThreadName=main] [timeMillis: 1789921914349] [levelValue: 800] movie-lab was successfully deployed in 36,954 milliseconds.

[2026-09-20T19:31:54.357+0300] [] [[1;92mÐÅÏ¢[0m] [] [[1;94mPayaraMicro[0m] [tid: _ThreadID=1 _ThreadName=main] [timeMillis: 1789921914357] [levelValue: 800] Deployed 1 archive(s)

[2026-09-20T19:31:54.614+0300] [] [[1;92mÐÅÏ¢[0m] [AS-WEB-GLUE-00130] [[1;94mjakarta.enterprise.web[0m] [tid: _ThreadID=1 _ThreadName=main] [timeMillis: 1789921914614] [levelValue: 800] Invalid Session Management Configuration for non-distributable app [movie-lab] - defaulting to memory: persistence-type = [hazelcast] / persistenceFrequency = [web-method] / persistenceScope = [modified-session]

[2026-09-20T19:31:55.835+0300] [] [[1;92mÐÅÏ¢[0m] [] [[1;94morg.glassfish.soteria.servlet.SamRegistrationInstaller[0m] [tid: _ThreadID=1 _ThreadName=main] [timeMillis: 1789921915835] [levelValue: 800] Initializing Soteria 3.0.3.payara-p1 for context '/movie-lab'

[2026-09-20T19:31:56.522+0300] [] [[1;92mÐÅÏ¢[0m] [] [[1;94morg.eclipse.krazo.servlet.KrazoContainerInitializer[0m] [tid: _ThreadID=1 _ThreadName=main] [timeMillis: 1789921916522] [levelValue: 800] Eclipse Krazo version 3.0.1 started

[2026-09-20T19:31:58.457+0300] [] [[1;92mÐÅÏ¢[0m] [AS-WEB-GLUE-00172] [[1;94mjakarta.enterprise.web[0m] [tid: _ThreadID=1 _ThreadName=main] [timeMillis: 1789921918457] [levelValue: 800] Loading application [movie-lab] at [/movie-lab]

[2026-09-20T19:32:03.561+0300] [] [[1;92mÐÅÏ¢[0m] [] [[1;94mPayaraMicro[0m] [tid: _ThreadID=1 _ThreadName=main] [timeMillis: 1789921923561] [levelValue: 800] {
    "Instance Configuration": {
        "Host": "LAPTOP-1N96RV1E",
        "Http Port(s)": "18081",
        "Https Port(s)": "",
        "Instance Name": "Horrible-Flatfish",
        "Instance Group": "MicroShoal",
        "Hazelcast Member UUID": "83384e88-7e39-4e7d-bbb6-c9dd95166a0e",
        "Deployed": [
            {
                "Name": "movie-lab",
                "Type": "war",
                "Context Root": "/movie-lab"
            }
        ]
    }
}

[2026-09-20T19:32:03.574+0300] [] [[1;92mÐÅÏ¢[0m] [] [[1;94mPayaraMicro[0m] [tid: _ThreadID=1 _ThreadName=main] [timeMillis: 1789921923574] [levelValue: 800] 
Payara Micro URLs:
http://LAPTOP-1N96RV1E:18081/movie-lab

'movie-lab' REST Endpoints:
GET	/movie-lab/api//movies
GET	/movie-lab/api//operations/average
POST	/movie-lab/api//operations/award
DELETE	/movie-lab/api//operations/box-office
GET	/movie-lab/api//operations/prefix
POST	/movie-lab/api//operations/redistribute
GET	/movie-lab/api//revision
POST	/movie-lab/api//{kind:movies|people|coordinates|locations}
DELETE	/movie-lab/api//{kind:movies|people|coordinates|locations}/{id}
GET	/movie-lab/api//{kind:movies|people|coordinates|locations}/{id}
PUT	/movie-lab/api//{kind:movies|people|coordinates|locations}/{id}
GET	/movie-lab/api//{kind:people|coordinates|locations}
GET	/movie-lab/api/application.wadl
DELETE	/movie-lab/api/auth
GET	/movie-lab/api/auth
POST	/movie-lab/api/auth
GET	/movie-lab/api/{version : v\d\.\d|latest}
POST	/movie-lab/api/{version : v\d\.\d|latest}
OPTIONS	/movie-lab/api/{version : v\d\.\d|latest}/{context}/entity/{entityName}
POST	/movie-lab/api/{version : v\d\.\d|latest}/{context}/entity/{type}
PUT	/movie-lab/api/{version : v\d\.\d|latest}/{context}/entity/{type}
DELETE	/movie-lab/api/{version : v\d\.\d|latest}/{context}/entity/{type}/{id}
GET	/movie-lab/api/{version : v\d\.\d|latest}/{context}/entity/{type}/{id}
DELETE	/movie-lab/api/{version : v\d\.\d|latest}/{context}/entity/{type}/{id}/{attribute}
GET	/movie-lab/api/{version : v\d\.\d|latest}/{context}/entity/{type}/{id}/{attribute}
POST	/movie-lab/api/{version : v\d\.\d|latest}/{context}/entity/{type}/{id}/{attribute}
GET	/movie-lab/api/{version : v\d\.\d|latest}/{context}/metadata
GET	/movie-lab/api/{version : v\d\.\d|latest}/{context}/metadata-catalog
GET	/movie-lab/api/{version : v\d\.\d|latest}/{context}/metadata-catalog/entity/{entityName}
GET	/movie-lab/api/{version : v\d\.\d|latest}/{context}/metadata-catalog/query/{queryName}
GET	/movie-lab/api/{version : v\d\.\d|latest}/{context}/metadata/entity/{descriptorAlias}
GET	/movie-lab/api/{version : v\d\.\d|latest}/{context}/metadata/query
GET	/movie-lab/api/{version : v\d\.\d|latest}/{context}/metadata/query/{queryName}
GET	/movie-lab/api/{version : v\d\.\d|latest}/{context}/query/{name}
OPTIONS	/movie-lab/api/{version : v\d\.\d|latest}/{context}/query/{name}
POST	/movie-lab/api/{version : v\d\.\d|latest}/{context}/query/{name}
GET	/movie-lab/api/{version : v\d\.\d|latest}/{context}/singleResultQuery/{name}



[2026-09-20T19:32:03.576+0300] [] [[1;92mÐÅÏ¢[0m] [] [[1;94mPayaraMicro[0m] [tid: _ThreadID=1 _ThreadName=main] [timeMillis: 1789921923576] [levelValue: 800] Payara Micro 6.2025.1 #badassmicrofish (build 28) ready in 77,434 (ms)

