\BOOKMARK [1][-]{section.1}{\376\377\116\373\122\241\213\364\146\016\116\016\170\156\213\244\162\266\140\001}{}% 1
\BOOKMARK [2][-]{subsection.1.1}{\376\377\213\376\230\230\116\016\166\356\150\007}{section.1}% 2
\BOOKMARK [2][-]{subsection.1.2}{\376\377\227\000\211\201\116\016\145\131\136\010\170\156\213\244\166\204\116\213\230\171}{section.1}% 3
\BOOKMARK [1][-]{section.2}{\376\377\116\032\122\241\230\206\127\337\143\317\217\360}{}% 4
\BOOKMARK [2][-]{subsection.2.1}{\376\377\123\302\116\016\200\005\116\016\147\015\122\241\155\101\172\013}{section.2}% 5
\BOOKMARK [2][-]{subsection.2.2}{\376\377\127\060\126\376\060\001\122\027\210\150\116\016\173\133\220\011}{section.2}% 6
\BOOKMARK [2][-]{subsection.2.3}{\376\377\154\231\237\231\230\165\227\142\116\016\147\015\122\241\136\010\230\165\227\142}{section.2}% 7
\BOOKMARK [2][-]{subsection.2.4}{\376\377\230\204\176\246\060\001\123\326\155\210\116\016\213\304\116\367}{section.2}% 8
\BOOKMARK [2][-]{subsection.2.5}{\376\377\213\376\172\013\213\276\213\241\162\110\147\054\166\204\203\003\126\364}{section.2}% 9
\BOOKMARK [2][-]{subsection.2.6}{\376\377\116\073\211\201\133\236\117\123\116\016\121\163\174\373}{section.2}% 10
\BOOKMARK [1][-]{section.3}{\376\377\174\373\176\337\165\050\220\024\116\016\201\352\122\250\123\026\166\204\230\204\147\037\145\110\147\234}{}% 11
\BOOKMARK [1][-]{section.4}{\376\377\174\373\176\337\227\000\154\102}{}% 12
\BOOKMARK [2][-]{subsection.4.1}{\376\377\122\237\200\375\227\000\154\102}{section.4}% 13
\BOOKMARK [2][-]{subsection.4.2}{\376\377\227\136\122\237\200\375\227\000\154\102}{section.4}% 14
\BOOKMARK [1][-]{section.5}{\376\377\116\073\211\201\165\050\117\213\166\204\152\041\127\213\116\016\143\317\217\360}{}% 15
\BOOKMARK [2][-]{subsection.5.1}{\376\377\123\302\116\016\200\005\116\016\174\373\176\337\217\271\165\114}{section.5}% 16
\BOOKMARK [2][-]{subsection.5.2}{\376\377\165\050\117\213\0001\377\032\154\350\121\214\116\016\166\173\137\125}{section.5}% 17
\BOOKMARK [2][-]{subsection.5.3}{\376\377\165\050\117\213\0002\377\032\127\060\126\376\116\016\122\027\210\150\144\034\175\042}{section.5}% 18
\BOOKMARK [2][-]{subsection.5.4}{\376\377\165\050\117\213\0003\377\032\147\345\167\013\154\231\237\231\124\214\147\015\122\241\136\010}{section.5}% 19
\BOOKMARK [2][-]{subsection.5.5}{\376\377\165\050\117\213\0004\377\032\220\011\142\351\145\366\225\364\136\166\122\033\136\372\230\204\176\246}{section.5}% 20
\BOOKMARK [2][-]{subsection.5.6}{\376\377\165\050\117\213\0005\377\032\147\345\167\013\124\214\123\326\155\210\201\352\135\361\166\204\230\204\176\246}{section.5}% 21
\BOOKMARK [2][-]{subsection.5.7}{\376\377\165\050\117\213\0006\377\032\213\304\116\367\122\060\136\227\147\015\122\241}{section.5}% 22
\BOOKMARK [2][-]{subsection.5.8}{\376\377\165\050\117\213\0007\377\032\154\350\121\214\124\214\123\321\136\003\154\231\237\231}{section.5}% 23
\BOOKMARK [2][-]{subsection.5.9}{\376\377\165\050\117\213\0008\377\032\173\241\164\006\201\352\135\361\166\204\154\231\237\231}{section.5}% 24
\BOOKMARK [2][-]{subsection.5.10}{\376\377\165\050\117\213\0009\377\032\147\015\122\241\136\010\135\345\117\134}{section.5}% 25
\BOOKMARK [2][-]{subsection.5.11}{\376\377\165\050\117\213\0001\0000\377\032\131\004\164\006\122\060\136\227\147\015\122\241}{section.5}% 26
\BOOKMARK [2][-]{subsection.5.12}{\376\377\165\050\117\213\0001\0001\377\032\136\163\123\360\173\241\164\006\116\016\133\241\150\070}{section.5}% 27
\BOOKMARK [2][-]{subsection.5.13}{\376\377\165\050\117\213\0001\0002\377\032\117\335\133\130\122\115\150\300\147\345\123\357\165\050\140\047}{section.5}% 28
\BOOKMARK [2][-]{subsection.5.14}{\376\377\227\000\154\102\116\016\165\050\117\213\166\204\133\371\136\224\121\163\174\373}{section.5}% 29
\BOOKMARK [1][-]{section.6}{\376\377\142\337\221\307\165\050\166\204\174\373\176\337\147\266\147\204}{}% 30
\BOOKMARK [2][-]{subsection.6.1}{\376\377\140\073\117\123\145\271\150\110\116\016\142\200\147\057}{section.6}% 31
\BOOKMARK [2][-]{subsection.6.2}{\376\377\124\004\176\304\116\366\166\204\200\114\215\043}{section.6}% 32
\BOOKMARK [1][-]{section.7}{\376\377\176\323\213\272}{}% 33
